inv_mpu_dmp_motion_driver.c:514:5:dmp_load_motion_driver_firmware	8	static
inv_mpu_dmp_motion_driver.c:527:5:dmp_set_orientation	40	static
inv_mpu_dmp_motion_driver.c:582:5:dmp_set_gyro_bias	32	static
inv_mpu_dmp_motion_driver.c:634:5:dmp_set_accel_bias	56	static
inv_mpu_dmp_motion_driver.c:686:5:dmp_set_fifo_rate	40	static
inv_mpu_dmp_motion_driver.c:712:5:dmp_get_fifo_rate	16	static
inv_mpu_dmp_motion_driver.c:724:5:dmp_set_tap_thresh	32	static
inv_mpu_dmp_motion_driver.c:790:5:dmp_set_tap_axes	24	static
inv_mpu_dmp_motion_driver.c:808:5:dmp_set_tap_count	24	static
inv_mpu_dmp_motion_driver.c:826:5:dmp_set_tap_time	24	static
inv_mpu_dmp_motion_driver.c:842:5:dmp_set_tap_time_multi	24	static
inv_mpu_dmp_motion_driver.c:860:5:dmp_set_shake_reject_thresh	24	static
inv_mpu_dmp_motion_driver.c:879:5:dmp_set_shake_reject_time	24	static
inv_mpu_dmp_motion_driver.c:897:5:dmp_set_shake_reject_timeout	24	static
inv_mpu_dmp_motion_driver.c:912:5:dmp_get_pedometer_step_count	24	static
inv_mpu_dmp_motion_driver.c:933:5:dmp_set_pedometer_step_count	24	static
inv_mpu_dmp_motion_driver.c:949:5:dmp_get_pedometer_walk_time	24	static
inv_mpu_dmp_motion_driver.c:969:5:dmp_set_pedometer_walk_time	24	static
inv_mpu_dmp_motion_driver.c:999:5:dmp_enable_feature	32	static
inv_mpu_dmp_motion_driver.c:1121:5:dmp_get_enabled_features	16	static
inv_mpu_dmp_motion_driver.c:1136:5:dmp_enable_gyro_cal	40	static
inv_mpu_dmp_motion_driver.c:1154:5:dmp_enable_lp_quat	24	static
inv_mpu_dmp_motion_driver.c:1178:5:dmp_enable_6x_lp_quat	24	static
inv_mpu_dmp_motion_driver.c:1199:12:decode_gesture	24	static
inv_mpu_dmp_motion_driver.c:1231:5:dmp_set_interrupt_mode	40	static
inv_mpu_dmp_motion_driver.c:1270:5:dmp_read_fifo	80	static
inv_mpu_dmp_motion_driver.c:1363:5:dmp_register_tap_cb	16	static
inv_mpu_dmp_motion_driver.c:1374:5:dmp_register_android_orient_cb	16	static
